──────────────────────────────────────────────────────────────────────────────── 
  Évaluation du potentiel fongique, de l'intérêt patrimonial et du gradient CHEGD 
──────────────────────────────────────────────────────────────────────────────── 
Horodatage : 2026-09-09 11:51:56 
Version du script : 1.1 
Version de R : R version 4.5.2 (2025-10-31) 
Répertoire de travail : /Users/fhe534/GitHub/myco_apps_releases 
Configuration: Configuration intégrée (get_embedded_config) 
Fichier d'entrée : /Users/fhe534/GitHub/myco_apps_releases/data/données_récoltes_chegd_pelouses.csv 
[11:51:56] Périmètre protocole : CHEGD pelouses 
[11:51:56] Mode d'exécution : strict 
[11:51:56] Fichier d'entrée résolu : /Users/fhe534/GitHub/myco_apps_releases/data/données_récoltes_chegd_pelouses.csv 
[11:51:56] Répertoire de sortie : /Users/fhe534/GitHub/myco_apps_releases/results/EPFIP_CHEGD 
[11:51:56] Format CSV détecté, le paramètre de feuille est ignoré 
──────────────────────────────────────────────────────────────────────────────── 
  Lecture et traitement des données d'entrée 
──────────────────────────────────────────────────────────────────────────────── 
[11:51:56] Lecture du fichier : /Users/fhe534/GitHub/myco_apps_releases/data/données_récoltes_chegd_pelouses.csv 
[11:51:56] Séparateur détecté : délimiteur ';' 
[11:51:56] Nombre de colonnes détectées : 13 
[11:51:56] Noms des colonnes : Espèces | Famille | Date | Nombre d'espèce | Prélèvement | Fungarium | N° Exsiccata | Récolteur(s) | Déterminateur(s) | Légataire récolte | Site | Fiabilité détermination | Commentaire 
[11:51:56] Vérification des colonnes requises... 
[11:51:56] ✓ Toutes les colonnes requises sont présentes 
──────────────────────────────────────────────────────────────────────────────── 
  Validation qualité des données d'entrée 
──────────────────────────────────────────────────────────────────────────────── 
[11:51:57] rows_quasi_empty : 0 / 85 (0 %) — Lignes vides sur toutes les colonnes métier. 
[11:51:57] dates_invalid : 0 / 85 (0 %) — Dates renseignées mais non converties en Date. 
[11:51:57] counts_invalid : 0 / 85 (0 %) — Effectifs renseignés mais non convertis en numérique. 
[11:51:57] counts_negative : 0 / 85 (0 %) — Effectifs numériques strictement négatifs. 
[11:51:57] species_missing : 0 / 85 (0 %) — Nom d'espèce absent. 
[11:51:57] sites_missing : 0 / 85 (0 %) — Site absent. 
[11:51:57] site_ids_unresolved : 0 / 85 (0 %) — Site renseigné mais sans identifiant exploitable. 
[11:51:57] exact_duplicates : 0 / 85 (0 %) — Doublons exacts sur les colonnes métier. 
[11:51:57] usable_rows_present : 85 / 85 (100 %) — Au moins une ligne exploitable doit être présente. 
[11:51:57] dates_not_all_invalid : 0 / 85 (0 %) — Toutes les dates renseignées sont invalides. 
[11:51:57] counts_not_all_invalid : 0 / 85 (0 %) — Tous les effectifs renseignés sont invalides. 
[11:51:57] sites_not_all_missing : 0 / 85 (0 %) — Toutes les lignes ont un site manquant. 
[11:51:57] species_not_all_missing : 0 / 85 (0 %) — Toutes les lignes ont une espèce manquante. 
[11:51:57] Top anomalies entrée : aucune anomalie warning détectée 
[11:51:57] Alertes qualité entrée : aucune 
[11:51:57] Indicateurs qualité entrée calculés : 9 
[11:51:57] Validation qualité des données d'entrée : OK 
[11:51:57] Lignes complètement vides : aucune 
[11:51:57] Données manquantes (hors Commentaire) : aucune 
──────────────────────────────────────────────────────────────────────────────── 
  Résumé des données d'entrée 
──────────────────────────────────────────────────────────────────────────────── 
[11:51:57] Nombre total d'observations : 85 
[11:51:57] Nombre d'espèces uniques : 39 
[11:51:57] Nombre de sites uniques : 12 
[11:51:57] Nombre de dates uniques : 5 
──────────────────────────────────────────────────────────────────────────────── 
  Construction des métriques par site 
──────────────────────────────────────────────────────────────────────────────── 
[11:51:57] Répertoire de sortie : /Users/fhe534/GitHub/myco_apps_releases/results/EPFIP_CHEGD 
──────────────────────────────────────────────────────────────────────────────── 
  Calcul des résumés descriptifs 
──────────────────────────────────────────────────────────────────────────────── 
[11:51:58] Résumés descriptifs calculés 
[11:51:59] Métriques par site calculées 
[11:51:59] Contrôle fiabilité autonome: OK (20 sites, 0 écart) 
──────────────────────────────────────────────────────────────────────────────── 
  Génération des résultats graphiques et des figures 
──────────────────────────────────────────────────────────────────────────────── 
[11:52:04] Figure 1 : tableau de bord des sites terminé 
[11:52:07] Figure 2 : positionnement écologique terminé 
[11:52:09] Figure 3 : décomposition du potentiel terminée 
[11:52:11] Figure 4 : CHEGD par visite terminé 
[11:52:12] Figure 5 : carte thermique des classes terminée 
[11:52:14] Figure 6 : distribution des niveaux de fiabilité terminée 
[11:52:15] Figure 7 : indice de représentativité (IR) terminé 
──────────────────────────────────────────────────────────────────────────────── 
  Objectifs de fiabilité (1-4) 
──────────────────────────────────────────────────────────────────────────────── 
[11:52:21] Objectifs de fiabilité terminés - Meilleurs candidats : 
[11:52:21]   - Objectif1_Descriptif: Descriptif 
[11:52:21]   - Objectif2_Ponderation: S2 
[11:52:21]   - Objectif3_Modeles: baseline_majority 
[11:52:21]   - Objectif4_Inference: Fisher 
──────────────────────────────────────────────────────────────────────────────── 
  Export des résultats finaux et des fichiers CSV 
──────────────────────────────────────────────────────────────────────────────── 
[11:52:21] Tous les fichiers CSV ont été exportés 
──────────────────────────────────────────────────────────────────────────────── 
  Organisation thématique des artefacts 
──────────────────────────────────────────────────────────────────────────────── 
[11:52:22] Fichiers déplacés vers sous-répertoires thématiques : 54 
[WARN] Déplacements non aboutis : 54 fichier(s) 
──────────────────────────────────────────────────────────────────────────────── 
  Récapitulatif des fichiers générés et des résultats 
──────────────────────────────────────────────────────────────────────────────── 
[11:52:22] Fichiers CSV : 
[11:52:22]   - donnees_brutes_nettoyees.csv 
[11:52:22]   - resume_global.csv 
[11:52:22]   - resume_par_site.csv 
[11:52:22]   - resume_par_famille.csv 
[11:52:22]   - resume_par_espece.csv 
[11:52:22]   - resume_par_date.csv 
[11:52:22]   - resume_fiabilite_determination.csv 
[11:52:22]   - niveaux_fiabilite_rencontres.csv 
[11:52:22]   - potentiel_fongique_par_site.csv 
[11:52:22]   - indice_patrimonial_par_site.csv 
[11:52:22]   - gradient_chegd_par_site.csv 
[11:52:22]   - indice_representativite_ir_par_site.csv 
[11:52:22]   - synthese_evaluation_par_site.csv 
[11:52:22]   - qa_controles_autonomes_detail.csv 
[11:52:22]   - qa_controles_autonomes_resume.csv 
[11:52:22]   - qa_validation_entree_resume.csv 
[11:52:22]   - qa_validation_entree_lignes.csv 
[11:52:22]   - qa_validation_entree_indicateurs.csv 
[11:52:22]   - qa_validation_entree_alertes.csv 
[11:52:22] Figures : 
[11:52:22]   - fig1_tableau_de_bord_pelouses.png / .pdf 
[11:52:22]   - fig2_positionnement_ecologique.png / .pdf 
[11:52:22]   - fig3_composition_potentiel.png / .pdf 
[11:52:22]   - fig4_chegd_par_visite.png / .pdf 
[11:52:22]   - fig5_heatmap_classes.png / .pdf 
[11:52:22]   - fig6_niveaux_fiabilite.png / .pdf 
[11:52:22]   - fig7_indice_representativite_ir.png / .pdf 
[11:52:22] Objectifs de fiabilité : 
[11:52:22]   - stat_obj1_reliability_distribution.csv + fig 
[11:52:22]   - stat_obj2_weighting_candidates.csv + stat_obj2_best_weighting.csv + fig 
[11:52:22]   - stat_obj3_model_metrics.csv + stat_confusion_matrix.csv + stat_coefficients.csv + figs 
[11:52:22]   - stat_obj4_inference_tests.csv + fig 
[11:52:22]   - stat_model_selection_summary.csv 
[11:52:22] Aucun échec sur les étapes non bloquantes 
──────────────────────────────────────────────────────────────────────────────── 
  Exécution terminée 
──────────────────────────────────────────────────────────────────────────────── 
Durée totale d'exécution : 25.71 secondes 
Heure de fin : 2026-09-09 11:52:22 
Fichier log : /Users/fhe534/GitHub/myco_apps_releases/logs/EPFIP_CHEGD_20260909_1151.log 
